// Jest Snapshot v1, https://goo.gl/fbAQLP

exports[`mutate-function rollup 1`] = `
"'use strict';

Object.defineProperty(exports, '__esModule', { value: true });

const reexport = 'reexport';

exports.reexport = reexport;"
`;

exports[`mutate-function webpack + terser 1`] = `
"function(module, __webpack_exports__, __webpack_require__) {
    'use strict';
    // ESM COMPAT FLAG
        __webpack_require__.r(__webpack_exports__), 
    // EXPORTS
    __webpack_require__.d(__webpack_exports__, 'reexport', (function() {
        /* reexport */ return reexport;
    }));
    // CONCATENATED MODULE: ./test/mutate-function/exports.js
    const reexport = 'reexport', unusedMutatedFn2Props = () => 'unusedMutatedFn2Props';
    unusedMutatedFn2Props.unusedMutatedObject2Props_foo = !0, unusedMutatedFn2Props.unusedMutatedObject2Props_bar = 'bar';
    const unusedMutatedFn3Props = () => 'unusedMutatedFn3Props';
    unusedMutatedFn3Props.unusedMutatedObject3Prop_foo = !0, unusedMutatedFn3Props.unusedMutatedObject3Prop_bar = 'bar', 
    unusedMutatedFn3Props.unusedMutatedObject3Prop_baz = {
        baz: !0
    };
}"
`;
